<?xml version="1.0" encoding="utf-8"?>
<TestRun id="97aa9105-9c1d-4617-84cb-927d6c401a19" name="@marcus-laptop 2026-08-17 01:23:12" xmlns="http://microsoft.com/schemas/VisualStudio/TeamTest/2010">
  <Times creation="2026-08-17T01:23:12.6610173+03:00" queuing="2026-08-17T01:23:12.6610187+03:00" start="2026-08-17T01:15:42.3849861+03:00" finish="2026-08-17T01:23:12.6615134+03:00" />
  <TestSettings name="default" id="9269fb6a-bf67-4e3d-b50e-892e14cc210e">
    <Deployment runDeploymentRoot="_marcus-laptop_2026-08-17_01_23_12" />
  </TestSettings>
  <TestLists>
    <TestList name="Results Not in a List" id="8c84fa94-04c1-424b-9868-57a2d4851a1d" />
    <TestList name="All Loaded Results" id="19431567-8539-422a-85d7-44ee4e166bda" />
  </TestLists>
  <ResultSummary outcome="Failed">
    <Counters total="0" executed="0" passed="0" failed="0" error="0" timeout="0" aborted="0" inconclusive="0" passedButRunAborted="0" notRunnable="0" notExecuted="0" disconnected="0" warning="0" completed="0" inProgress="0" pending="0" />
    <Output>
      <StdOut>Waiting for debugger attach...
Process Id: 470122, Name: dotnet
</StdOut>
    </Output>
    <RunInfos>
      <RunInfo computerName="marcus-laptop" outcome="Error" timestamp="2026-08-17T01:23:12.4913194+03:00">
        <Text>vstest.console process failed to connect to testhost process after 450 seconds. This may occur due to machine slowness, please set environment variable VSTEST_CONNECTION_TIMEOUT to increase timeout. The process with id 470122 was still running when this message was reported.</Text>
      </RunInfo>
    </RunInfos>
  </ResultSummary>
</TestRun>