<?xml version="1.0" encoding="utf-8"?>
<TestRun id="bd8c37a7-f2d7-420d-a2d2-aba6eba98ad8" name="@marcus-laptop 2026-08-17 01:34:21" xmlns="http://microsoft.com/schemas/VisualStudio/TeamTest/2010">
  <Times creation="2026-08-17T01:34:21.0658898+03:00" queuing="2026-08-17T01:34:21.0658911+03:00" start="2026-08-17T01:26:50.7986584+03:00" finish="2026-08-17T01:34:21.0664223+03:00" />
  <TestSettings name="default" id="00ff1d3e-cb35-4978-90f9-1b2fd6ee380d">
    <Deployment runDeploymentRoot="_marcus-laptop_2026-08-17_01_34_21" />
  </TestSettings>
  <TestLists>
    <TestList name="Results Not in a List" id="8c84fa94-04c1-424b-9868-57a2d4851a1d" />
    <TestList name="All Loaded Results" id="19431567-8539-422a-85d7-44ee4e166bda" />
  </TestLists>
  <ResultSummary outcome="Failed">
    <Counters total="0" executed="0" passed="0" failed="0" error="0" timeout="0" aborted="0" inconclusive="0" passedButRunAborted="0" notRunnable="0" notExecuted="0" disconnected="0" warning="0" completed="0" inProgress="0" pending="0" />
    <Output>
      <StdOut>Waiting for debugger attach...
Process Id: 481915, Name: dotnet
</StdOut>
    </Output>
    <RunInfos>
      <RunInfo computerName="marcus-laptop" outcome="Error" timestamp="2026-08-17T01:34:20.9233099+03:00">
        <Text>vstest.console process failed to connect to testhost process after 450 seconds. This may occur due to machine slowness, please set environment variable VSTEST_CONNECTION_TIMEOUT to increase timeout. The process with id 481915 was still running when this message was reported.</Text>
      </RunInfo>
    </RunInfos>
  </ResultSummary>
</TestRun>